Microchip MPLAB XC8 Compiler V2.50

Linker command line:

-W-3 \
  --edf=/home/nbonolok/.mchp_packs/Microchip/PIC16Fxxx_DFP/1.7.162/xc8/pic/dat/20250326211330_en.msgs \
  -cn -h+dist/default/production/keypad.X.production.sym \
  --cmf=dist/default/production/keypad.X.production.cmf -z -Q16F887 \
  -o/tmp/xcXiFPNPG/driver_tmp_3.o --defsym=__MPLAB_BUILD=1 \
  --fixupoverflow=error -Mdist/default/production/keypad.X.production.map \
  --md=/tmp/xcXiFPNPG/driver_tmp_0.dat -E1 -ver=XC8 Compiler --acfsm=1493 \
  -ACODE=00h-07FFhx4 -ASTRCODE=00h-01FFFh -ASTRING=00h-0FFhx32 \
  -ACONST=00h-0FFhx32 -AENTRY=00h-0FFhx32 -ACOMMON=070h-07Fh \
  -ABANK0=020h-06Fh -ABANK1=0A0h-0EFh -ABANK2=0110h-016Fh \
  -ABANK3=0190h-01EFh -ARAM=020h-06Fh,0A0h-0EFh,0110h-016Fh,0190h-01EFh \
  -AABS1=020h-07Fh,0A0h-0EFh,0110h-016Fh,0190h-01EFh -ASFR0=00h-01Fh \
  -ASFR1=080h-09Fh -ASFR2=0100h-010Fh -ASFR3=0180h-018Fh \
  -ACONFIG=02007h-02008h -DCONFIG=2 -AIDLOC=02000h-02003h -DIDLOC=2 \
  -AEEDATA=00h-0FFh/02100h -peeprom_data=EEDATA -DEEDATA=2 -DCODE=2 \
  -DSTRCODE=2 -DSTRING=2 -DCONST=2 -DENTRY=2 \
  -preset_vec=00h,intentry,sivt,init,end_init -ppowerup=CODE -pcinit=CODE \
  -pfunctab=ENTRY -k /tmp/xcXiFPNPG/driver_tmp_17.o \
  dist/default/production/keypad.X.production.o 

Object code version is 3.11

Machine type is 16F887



                Name                               Link     Load   Length Selector   Space Scale
/tmp/xcXiFPNPG/driver_tmp_17.o
                end_init                              0        0        3        0       0
                config                             2007     2007        2        0       4
dist/default/production/keypad.X.production.o
                cinit                               7D3      7D3       2D      FA6       0
                config                             2007     2007        2        0       4
                text20                              347      347       10      68E       0
                text19                              3A9      3A9       1D      752       0
                text18                              3C6      3C6       23      78C       0
                text17                              620      620       79      C40       0
                text16                              357      357       11      6AE       0
                text15                              453      453       29      8A6       0
                text14                              42F      42F       24      85E       0
                text13                              4AF      4AF       37      95E       0
                text12                              37A      37A       16      6F4       0
                text11                              390      390       19      720       0
                text10                              733      733       A0      E66       0
                text9                               4E6      4E6       3A      9CC       0
                text8                               47C      47C       33      8F8       0
                text7                               520      520       49      A40       0
                text6                               368      368       12      6D0       0
                text5                               33A      33A        1      674       0
                text4                               699      699       9A      D32       0
                text3                               5B4      5B4       6C      B68       0
                text2                               3E9      3E9       23      7D2       0
                text1                               40C      40C       23      818       0
                maintext                            569      569       4B      AD2       0
                cstackBANK0                          20       20       2A       20       1
                cstackCOMMON                         70       70        E       70       1
                clrtext                             33F      33F        8      67E       0
                bssBANK1                             A0       A0       20       A0       1
                dataBANK0                            59       59        4       20       1
                bssBANK0                             4A       4A        F       20       1
                strings                               3        3       31        6       0
                idataBANK0                          33B      33B        4      676       0

TOTAL           Name                               Link     Load   Length     Space
        CLASS   CODE           
                end_init                              0        0        3         0
                cinit                               7D3      7D3       2D         0
                text20                              347      347       10         0
                text19                              3A9      3A9       1D         0
                text18                              3C6      3C6       23         0
                text17                              620      620       79         0
                text16                              357      357       11         0
                text15                              453      453       29         0
                text14                              42F      42F       24         0
                text13                              4AF      4AF       37         0
                text12                              37A      37A       16         0
                text11                              390      390       19         0
                text10                              733      733       A0         0
                text9                               4E6      4E6       3A         0
                text8                               47C      47C       33         0
                text7                               520      520       49         0
                text6                               368      368       12         0
                text5                               33A      33A        1         0
                text4                               699      699       9A         0
                text3                               5B4      5B4       6C         0
                text2                               3E9      3E9       23         0
                text1                               40C      40C       23         0
                maintext                            569      569       4B         0
                clrtext                             33F      33F        8         0
                idataBANK0                          33B      33B        4         0

        CLASS   STRCODE        

        CLASS   STRING         
                strings                               3        3       31         0

        CLASS   CONST          

        CLASS   ENTRY          

        CLASS   COMMON         
                cstackCOMMON                         70       70        E         1

        CLASS   BANK0          
                cstackBANK0                          20       20       2A         1
                dataBANK0                            59       59        4         1
                bssBANK0                             4A       4A        F         1

        CLASS   BANK1          
                bssBANK1                             A0       A0       20         1

        CLASS   BANK2          

        CLASS   BANK3          

        CLASS   RAM            

        CLASS   ABS1           
                abs_s1                               7E       7E        2         1

        CLASS   SFR0           

        CLASS   SFR1           

        CLASS   SFR2           

        CLASS   SFR3           

        CLASS   CONFIG         
                config                             2007     2007        2         4

        CLASS   IDLOC          

        CLASS   EEDATA         

        CLASS   HEAP           

        CLASS   STACK          



SEGMENTS        Name                           Load    Length   Top    Selector   Space  Class     Delta

                strings                        000003  000031  000034         6       0  STRING      2
                text8                          00047C  000033  0004AF       8F8       0  CODE        2
                text15                         000453  000029  00047C       8A6       0  CODE        2
                text1                          00040C  000023  00042F       818       0  CODE        2
                text14                         00042F  000024  000453       85E       0  CODE        2
                maintext                       000569  00004B  0005B4       AD2       0  CODE        2
                text3                          0005B4  00006C  000620       B68       0  CODE        2
                text7                          000520  000049  000569       A40       0  CODE        2
                text13                         0004AF  000037  0004E6       95E       0  CODE        2
                text9                          0004E6  00003A  000520       9CC       0  CODE        2
                text2                          0003E9  000023  00040C       7D2       0  CODE        2
                text20                         000347  000010  000357       68E       0  CODE        2
                text16                         000357  000011  000368       6AE       0  CODE        2
                clrtext                        00033F  000008  000347       67E       0  CODE        2
                text5                          00033A  000001  00033B       674       0  CODE        2
                idataBANK0                     00033B  000004  00033F       676       0  CODE        2
                text19                         0003A9  00001D  0003C6       752       0  CODE        2
                text18                         0003C6  000023  0003E9       78C       0  CODE        2
                text11                         000390  000019  0003A9       720       0  CODE        2
                text6                          000368  000012  00037A       6D0       0  CODE        2
                text12                         00037A  000016  000390       6F4       0  CODE        2
                text17                         000620  000079  000699       C40       0  CODE        2
                cstackCOMMON                   000070  00000E  00007E        70       1  COMMON      1
                reset_vec                      000000  000003  000003         0       0  CODE        2
                cinit                          0007D3  00002D  000800       FA6       0  CODE        2
                text4                          000699  00009A  000733       D32       0  CODE        2
                text10                         000733  0000A0  0007D3       E66       0  CODE        2
                cstackBANK0                    000020  00003D  00005D        20       1  BANK0       1
                bssBANK1                       0000A0  000020  0000C0        A0       1  BANK1       1


UNUSED ADDRESS RANGES

        Name                Unused          Largest block    Delta
        BANK0            005D-006F             13           1
        BANK1            00C0-00EF             30           1
        BANK2            0110-016F             60           1
        BANK3            0190-01EF             60           1
        CODE             0034-0339            306           2
                         0800-1FFF            800
        CONST            0034-0339            100           2
                         0800-1FFF            100
        EEDATA           2100-21FF            100           2
        ENTRY            0034-0339            100           2
                         0800-1FFF            100
        IDLOC            2000-2003              4           2
        RAM              005D-006F             13           1
                         00C0-00EF             30
                         0110-016F             60
                         0190-01EF             60
        SFR0             0000-001F             20           1
        SFR1             0080-009F             20           1
        SFR2             0100-010F             10           1
        SFR3             0180-018F             10           1
        STRCODE          0034-0339            306           2
                         0800-1FFF           1800
        STRING           0034-0339            100           2
                         0800-1FFF            100

                                  Symbol Table

?_sprintf                cstackBANK0  002B
?_vfprintf               cstackBANK0  0026
KEYPAD@_p                cstackCOMMON 0070
KEYPAD@_t                cstackCOMMON 0071
LCD@_p                   cstackCOMMON 0070
LCD@d4                   cstackCOMMON 0073
LCD@d5                   cstackCOMMON 0074
LCD@d6                   cstackCOMMON 0075
LCD@d7                   cstackCOMMON 0076
LCD@en                   cstackCOMMON 0072
LCD@rs                   cstackCOMMON 0071
LCD_Begin@_function_set  cstackCOMMON 007D
LCD_Begin@lines          cstackCOMMON 0079
LCD_Goto@col             cstackCOMMON 0078
LCD_Goto@row             cstackCOMMON 0077
LCD_PutS@_str            cstackCOMMON 0077
LCD_PutS@i               cstackCOMMON 0079
WriteByte@b              cstackCOMMON 0076
WriteNibble@b            cstackCOMMON 0074
WritePin@_pin            cstackCOMMON 0072
WritePin@val             cstackCOMMON 0070
_ANSELH                  (abs)        0189
_EnablePulse             text14       042F
_INTCONbits              (abs)        000B
_KEYPAD                  text20       0347
_LCD                     text16       0357
_LCD_Begin               text10       0733
_LCD_Clear               text11       0390
_LCD_D4                  bssBANK0     0053
_LCD_D5                  bssBANK0     0052
_LCD_D6                  bssBANK0     0051
_LCD_D7                  bssBANK0     0050
_LCD_EN                  bssBANK0     0054
_LCD_Goto                text9        04E6
_LCD_PutS                text8        047C
_LCD_RS                  bssBANK0     0055
_OSCCON                  (abs)        008F
_PORTB                   (abs)        0006
_PORTD                   (abs)        0008
_TRISB                   (abs)        0086
_TRISD                   (abs)        0088
_WriteByte               text12       037A
_WriteNibble             text13       04AF
_WritePin                text15       0453
__H__absolute__          __absolute__ 0000
__Habs1                  abs1         0000
__Hbank0                 bank0        0000
__Hbank1                 bank1        0000
__Hbank2                 bank2        0000
__Hbank3                 bank3        0000
__HbssBANK0              bssBANK0     0000
__HbssBANK1              bssBANK1     0000
__Hcinit                 cinit        0800
__Hclrtext               clrtext      0000
__Hcode                  code         0000
__Hcommon                common       0000
__Hconfig                config       2009
__HcstackBANK0           cstackBANK0  0000
__HcstackCOMMON          cstackCOMMON 0000
__HdataBANK0             dataBANK0    0000
__Heeprom_data           eeprom_data  0000
__Hend_init              end_init     0003
__Hfunctab               functab      0000
__Hheap                  heap         0000
__HidataBANK0            idataBANK0   0000
__Hinit                  init         0000
__Hintentry              intentry     0000
__Hmaintext              maintext     0000
__Hpowerup               powerup      0000
__Hram                   ram          0000
__Hreset_vec             reset_vec    0000
__Hsfr0                  sfr0         0000
__Hsfr1                  sfr1         0000
__Hsfr2                  sfr2         0000
__Hsfr3                  sfr3         0000
__Hsivt                  sivt         0000
__Hspace_0               (abs)        0800
__Hspace_1               (abs)        00C0
__Hspace_2               (abs)        0000
__Hspace_3               (abs)        0000
__Hspace_4               (abs)        4010
__Hstack                 stack        0000
__Hstrings               strings      0000
__Htext                  text         0000
__L__absolute__          __absolute__ 0000
__Labs1                  abs1         0000
__Lbank0                 bank0        0000
__Lbank1                 bank1        0000
__Lbank2                 bank2        0000
__Lbank3                 bank3        0000
__LbssBANK0              bssBANK0     0000
__LbssBANK1              bssBANK1     0000
__Lcinit                 cinit        07D3
__Lclrtext               clrtext      0000
__Lcode                  code         0000
__Lcommon                common       0000
__Lconfig                config       0000
__LcstackBANK0           cstackBANK0  0000
__LcstackCOMMON          cstackCOMMON 0000
__LdataBANK0             dataBANK0    0000
__Leeprom_data           eeprom_data  0000
__Lend_init              end_init     0000
__Lfunctab               functab      0000
__Lheap                  heap         0000
__LidataBANK0            idataBANK0   0000
__Linit                  init         0000
__Lintentry              intentry     0000
__Lmaintext              maintext     0000
__Lpowerup               powerup      0000
__Lram                   ram          0000
__Lreset_vec             reset_vec    0000
__Lsfr0                  sfr0         0000
__Lsfr1                  sfr1         0000
__Lsfr2                  sfr2         0000
__Lsfr3                  sfr3         0000
__Lsivt                  sivt         0000
__Lspace_0               (abs)        0000
__Lspace_1               (abs)        0000
__Lspace_2               (abs)        0000
__Lspace_3               (abs)        0000
__Lspace_4               (abs)        0000
__Lstack                 stack        0000
__Lstrings               strings      0000
__Ltext                  text         0000
__S0                     (abs)        0800
__S1                     (abs)        00C0
__S3                     (abs)        0000
___heap_hi               (abs)        0000
___heap_lo               (abs)        0000
___int_sp                stack        0000
___int_stack_hi          stack        0000
___int_stack_lo          stack        0000
___latbits               (abs)        0002
___sp                    stack        0000
___stack_hi              stack        0000
___stack_lo              stack        0000
___stackhi               (abs)        0000
___stacklo               (abs)        0000
__displaycontrol         bssBANK0     004F
__end_of_EnablePulse     text14       0453
__end_of_KEYPAD          text20       0357
__end_of_LCD             text16       0368
__end_of_LCD_Begin       text10       07D3
__end_of_LCD_Clear       text11       03A9
__end_of_LCD_Goto        text9        0520
__end_of_LCD_PutS        text8        04AF
__end_of_WriteByte       text12       0390
__end_of_WriteNibble     text13       04E6
__end_of_WritePin        text15       047C
__end_of__initialization cinit        07FC
__end_of__stringtab      strings      0013
__end_of_fputc           text4        0733
__end_of_getKeyPressed   text17       0699
__end_of_initDisplay     text7        0569
__end_of_initPIC         text6        037A
__end_of_isColumnActive  text19       03C6
__end_of_keymap          strings      0023
__end_of_main            maintext     05B4
__end_of_makeKeymap      text18       03E9
__end_of_putch           text5        033B
__end_of_sprintf         text1        042F
__end_of_vfpfcnvrt       text3        0620
__end_of_vfprintf        text2        040C
__initialization         cinit        07D3
__pbssBANK0              bssBANK0     004A
__pbssBANK1              bssBANK1     00A0
__pcstackBANK0           cstackBANK0  0020
__pcstackCOMMON          cstackCOMMON 0070
__pdataBANK0             dataBANK0    0059
__pidataBANK0            idataBANK0   033B
__pmaintext              maintext     0569
__port                   bssBANK0     0056
__pport                  bssBANK0     0058
__pstrings               strings      0003
__ptext1                 text1        040C
__ptext10                text10       0733
__ptext11                text11       0390
__ptext12                text12       037A
__ptext13                text13       04AF
__ptext14                text14       042F
__ptext15                text15       0453
__ptext16                text16       0357
__ptext17                text17       0620
__ptext18                text18       03C6
__ptext19                text19       03A9
__ptext2                 text2        03E9
__ptext20                text20       0347
__ptext3                 text3        05B4
__ptext4                 text4        0699
__ptext5                 text5        033A
__ptext6                 text6        0368
__ptext7                 text7        0520
__ptext8                 text8        047C
__ptext9                 text9        04E6
__ptris                  bssBANK0     0057
__stringbase             strings      0012
__stringtab              strings      0003
_flags                   bssBANK0     004E
_fputc                   text4        0699
_getKeyPressed           text17       0620
_initDisplay             text7        0520
_initPIC                 text6        0368
_isColumnActive          text19       03A9
_keymap                  strings      0013
_main                    maintext     0569
_makeKeymap              text18       03C6
_prec                    bssBANK0     004C
_putch                   text5        033A
_sprintf                 text1        040C
_vfpfcnvrt               text3        05B4
_vfprintf                text2        03E9
_width                   bssBANK0     004A
btemp                    (abs)        007E
clear_ram0               clrtext      033F
end_of_initialization    cinit        07FC
fputc@c                  cstackCOMMON 0070
fputc@fp                 cstackCOMMON 0072
getKeyPressed@col        cstackCOMMON 0077
getKeyPressed@row        cstackCOMMON 0076
intlevel0                functab      0000
intlevel1                functab      0000
intlevel2                functab      0000
intlevel3                functab      0000
intlevel4                functab      0000
intlevel5                functab      0000
isColumnActive@col       cstackCOMMON 0071
isColumnActive@flag      cstackCOMMON 0073
isColumnActive@pin       cstackCOMMON 0072
main@buffer              cstackBANK0  003F
main@key                 cstackBANK0  0049
makeKeymap@col           cstackCOMMON 0070
makeKeymap@row           cstackCOMMON 0073
reset_vec                reset_vec    0000
sprintf@ap               cstackBANK0  0030
sprintf@f                cstackBANK0  0031
sprintf@fmt              cstackBANK0  002C
sprintf@s                cstackBANK0  002B
start                    init         0000
start_initialization     cinit        07D3
vfpfcnvrt@ap             cstackBANK0  0023
vfpfcnvrt@c              cstackCOMMON 007D
vfpfcnvrt@fmt            cstackBANK0  0022
vfpfcnvrt@fp             cstackBANK0  0020
vfprintf@ap              cstackBANK0  0029
vfprintf@cfmt            cstackBANK0  002A
vfprintf@fmt             cstackBANK0  0028
vfprintf@fp              cstackBANK0  0026
wtemp0                   (abs)        007E


MODULE INFORMATION

Module		Function		Class		Link	Load	Size
keypad.c
		_isColumnActive		CODE           	03A9	0000	29
		_makeKeymap    		CODE           	03C6	0000	35
		_KEYPAD        		CODE           	0347	0000	16
		_getKeyPressed 		CODE           	0620	0000	121

keypad.c estimated size: 201

/opt/microchip/xc8/v2.50/pic/sources/c99/common/nf_fputc.c
		_fputc         		CODE           	0699	0000	154

/opt/microchip/xc8/v2.50/pic/sources/c99/common/nf_fputc.c estimated size: 154

/opt/microchip/xc8/v2.50/pic/sources/c99/common/doprnt.c
		_vfpfcnvrt     		CODE           	05B4	0000	108
		_vfprintf      		CODE           	03E9	0000	35

/opt/microchip/xc8/v2.50/pic/sources/c99/common/doprnt.c estimated size: 143

/opt/microchip/xc8/v2.50/pic/sources/c99/common/nf_sprintf.c
		_sprintf       		CODE           	040C	0000	35

/opt/microchip/xc8/v2.50/pic/sources/c99/common/nf_sprintf.c estimated size: 35

/opt/microchip/xc8/v2.50/pic/sources/c99/common/putch.c
		_putch         		CODE           	033A	0000	1

/opt/microchip/xc8/v2.50/pic/sources/c99/common/putch.c estimated size: 1

shared
		__stringtab    		STRING         	0003	0000	16
		_keymap        		STRING         	0013	0000	16
		__initialization		CODE           	07D3	0000	41

shared estimated size: 73

lcd.c
		_WritePin      		CODE           	0453	0000	41
		_EnablePulse   		CODE           	042F	0000	36
		_LCD_PutS      		CODE           	047C	0000	51
		_LCD           		CODE           	0357	0000	17
		_WriteByte     		CODE           	037A	0000	22
		_LCD_Begin     		CODE           	0733	0000	160
		_WriteNibble   		CODE           	04AF	0000	55
		_LCD_Clear     		CODE           	0390	0000	25
		_LCD_Goto      		CODE           	04E6	0000	58

lcd.c estimated size: 465

lab03.c
		_initPIC       		CODE           	0368	0000	18
		_initDisplay   		CODE           	0520	0000	73
		_main          		CODE           	0569	0000	75

lab03.c estimated size: 166

